timestamp: 19700101-000049
board: Raspberry Pi Zero 2 W Rev 1.0
panel: 240x240
requested_resolution: 480x480
unit_id: 934f1769250d   (sha256 of CPU serial, truncated)
quiet_period_s: 10.0
burst_n: 10
preview_frames_chained: 50
microsd_free_bytes: 169201664   need: 13824000 (20 frames x 691200)

--- phase: stock   ae_window_s=0.25   camera_revision=ov5647 ---
ae_before_lock: exposure_speed=32978 shutter_speed=0 analog_gain=1.1875 digital_gain=3.25 iso=0 awb_gains=(1.35546875, 1.4453125) exposure_mode=auto
frame 00: bytes=691200 mode=RGB size=480x480 gap=0.000 capture_s=0.557
frame 01: bytes=691200 mode=RGB size=480x480 gap=0.557 capture_s=0.544
frame 02: bytes=691200 mode=RGB size=480x480 gap=0.544 capture_s=0.518
frame 03: bytes=691200 mode=RGB size=480x480 gap=0.518 capture_s=0.519
frame 04: bytes=691200 mode=RGB size=480x480 gap=0.520 capture_s=0.520
frame 05: bytes=691200 mode=RGB size=480x480 gap=0.520 capture_s=0.518
frame 06: bytes=691200 mode=RGB size=480x480 gap=0.518 capture_s=0.519
frame 07: bytes=691200 mode=RGB size=480x480 gap=0.519 capture_s=0.517
frame 08: bytes=691200 mode=RGB size=480x480 gap=0.517 capture_s=0.519
frame 09: bytes=691200 mode=RGB size=480x480 gap=0.519 capture_s=0.518
ae_after_burst: exposure_speed=41359 shutter_speed=41383 analog_gain=3.0625 digital_gain=3.625 iso=0 awb_gains=(1.35546875, 1.4453125) exposure_mode=off
