timestamp: 19700101-000450
board: Raspberry Pi Zero W Rev 1.1
panel: 320x240
requested_resolution: 640x640
unit_id: a92ac791f26b   (sha256 of CPU serial, truncated)
quiet_period_s: 10.0
burst_n: 10
preview_frames_chained: 42
microsd_free_bytes: 155672576   need: 24576000 (10 burst x 1228800 + 20 preview x 409600)
preview 00: digest=b71fb8a8fde8a131571999a1a08b626a4dd74c0bb0c46f427f919a9afad79dff bytes=409600 mode=RGBA size=320x320
preview 01: digest=b71fb8a8fde8a131571999a1a08b626a4dd74c0bb0c46f427f919a9afad79dff bytes=409600 mode=RGBA size=320x320
preview 02: digest=b71fb8a8fde8a131571999a1a08b626a4dd74c0bb0c46f427f919a9afad79dff bytes=409600 mode=RGBA size=320x320
preview 03: digest=b71fb8a8fde8a131571999a1a08b626a4dd74c0bb0c46f427f919a9afad79dff bytes=409600 mode=RGBA size=320x320
preview 04: digest=b71fb8a8fde8a131571999a1a08b626a4dd74c0bb0c46f427f919a9afad79dff bytes=409600 mode=RGBA size=320x320
preview 05: digest=b71fb8a8fde8a131571999a1a08b626a4dd74c0bb0c46f427f919a9afad79dff bytes=409600 mode=RGBA size=320x320
preview 06: digest=b71fb8a8fde8a131571999a1a08b626a4dd74c0bb0c46f427f919a9afad79dff bytes=409600 mode=RGBA size=320x320
preview 07: digest=b71fb8a8fde8a131571999a1a08b626a4dd74c0bb0c46f427f919a9afad79dff bytes=409600 mode=RGBA size=320x320
preview 08: digest=b71fb8a8fde8a131571999a1a08b626a4dd74c0bb0c46f427f919a9afad79dff bytes=409600 mode=RGBA size=320x320
preview 09: digest=b71fb8a8fde8a131571999a1a08b626a4dd74c0bb0c46f427f919a9afad79dff bytes=409600 mode=RGBA size=320x320
preview 10: digest=b71fb8a8fde8a131571999a1a08b626a4dd74c0bb0c46f427f919a9afad79dff bytes=409600 mode=RGBA size=320x320
preview 11: digest=a37f40d2f262fd6d42e3c6222d986f006648119e86169d3b7906de5da00824b9 bytes=409600 mode=RGBA size=320x320
preview 12: digest=b71fb8a8fde8a131571999a1a08b626a4dd74c0bb0c46f427f919a9afad79dff bytes=409600 mode=RGBA size=320x320
preview 13: digest=b71fb8a8fde8a131571999a1a08b626a4dd74c0bb0c46f427f919a9afad79dff bytes=409600 mode=RGBA size=320x320
preview 14: digest=b71fb8a8fde8a131571999a1a08b626a4dd74c0bb0c46f427f919a9afad79dff bytes=409600 mode=RGBA size=320x320
preview 15: digest=b71fb8a8fde8a131571999a1a08b626a4dd74c0bb0c46f427f919a9afad79dff bytes=409600 mode=RGBA size=320x320
preview 16: digest=b71fb8a8fde8a131571999a1a08b626a4dd74c0bb0c46f427f919a9afad79dff bytes=409600 mode=RGBA size=320x320
preview 17: digest=b71fb8a8fde8a131571999a1a08b626a4dd74c0bb0c46f427f919a9afad79dff bytes=409600 mode=RGBA size=320x320
preview 18: digest=b71fb8a8fde8a131571999a1a08b626a4dd74c0bb0c46f427f919a9afad79dff bytes=409600 mode=RGBA size=320x320
preview 19: digest=b71fb8a8fde8a131571999a1a08b626a4dd74c0bb0c46f427f919a9afad79dff bytes=409600 mode=RGBA size=320x320
preview 20: digest=b71fb8a8fde8a131571999a1a08b626a4dd74c0bb0c46f427f919a9afad79dff bytes=409600 mode=RGBA size=320x320
preview 21: digest=b71fb8a8fde8a131571999a1a08b626a4dd74c0bb0c46f427f919a9afad79dff bytes=409600 mode=RGBA size=320x320
preview 22: digest=b71fb8a8fde8a131571999a1a08b626a4dd74c0bb0c46f427f919a9afad79dff bytes=409600 mode=RGBA size=320x320
preview 23: digest=b71fb8a8fde8a131571999a1a08b626a4dd74c0bb0c46f427f919a9afad79dff bytes=409600 mode=RGBA size=320x320
preview 24: digest=b71fb8a8fde8a131571999a1a08b626a4dd74c0bb0c46f427f919a9afad79dff bytes=409600 mode=RGBA size=320x320
preview 25: digest=b71fb8a8fde8a131571999a1a08b626a4dd74c0bb0c46f427f919a9afad79dff bytes=409600 mode=RGBA size=320x320
preview 26: digest=b71fb8a8fde8a131571999a1a08b626a4dd74c0bb0c46f427f919a9afad79dff bytes=409600 mode=RGBA size=320x320
preview 27: digest=b71fb8a8fde8a131571999a1a08b626a4dd74c0bb0c46f427f919a9afad79dff bytes=409600 mode=RGBA size=320x320
preview 28: digest=b71fb8a8fde8a131571999a1a08b626a4dd74c0bb0c46f427f919a9afad79dff bytes=409600 mode=RGBA size=320x320
preview 29: digest=b71fb8a8fde8a131571999a1a08b626a4dd74c0bb0c46f427f919a9afad79dff bytes=409600 mode=RGBA size=320x320
preview 30: digest=b71fb8a8fde8a131571999a1a08b626a4dd74c0bb0c46f427f919a9afad79dff bytes=409600 mode=RGBA size=320x320
preview 31: digest=888f5e570b312bbc2ca104b743f6a0963e07fb9649a7143b0757489ec6694dbd bytes=409600 mode=RGBA size=320x320
preview 32: digest=b71fb8a8fde8a131571999a1a08b626a4dd74c0bb0c46f427f919a9afad79dff bytes=409600 mode=RGBA size=320x320
preview 33: digest=b71fb8a8fde8a131571999a1a08b626a4dd74c0bb0c46f427f919a9afad79dff bytes=409600 mode=RGBA size=320x320
preview 34: digest=b71fb8a8fde8a131571999a1a08b626a4dd74c0bb0c46f427f919a9afad79dff bytes=409600 mode=RGBA size=320x320
preview 35: digest=b71fb8a8fde8a131571999a1a08b626a4dd74c0bb0c46f427f919a9afad79dff bytes=409600 mode=RGBA size=320x320
preview 36: digest=bf850547f414e1a3fffef819b51f7c5fec0db2288502c15a1144c393a6ce405d bytes=409600 mode=RGBA size=320x320
preview 37: digest=b71fb8a8fde8a131571999a1a08b626a4dd74c0bb0c46f427f919a9afad79dff bytes=409600 mode=RGBA size=320x320
preview 38: digest=b71fb8a8fde8a131571999a1a08b626a4dd74c0bb0c46f427f919a9afad79dff bytes=409600 mode=RGBA size=320x320
preview 39: digest=b71fb8a8fde8a131571999a1a08b626a4dd74c0bb0c46f427f919a9afad79dff bytes=409600 mode=RGBA size=320x320
preview 40: digest=b71fb8a8fde8a131571999a1a08b626a4dd74c0bb0c46f427f919a9afad79dff bytes=409600 mode=RGBA size=320x320
preview 41: digest=ab58b81edfa0a761af628923c243f0ef7a1cac09e670fc95487668e2ce716716 bytes=409600 mode=RGBA size=320x320
preview_distinct_frames: 5 of 42

preview_none_reads: 3   (camera warm-up polls, no frame)
preview_warmup_s: 0.197   (stream start -> first append)
preview_appends_total: 42   (whole session; window keeps the last 42)
preview_loop_rate_fps: 8.51   over 4.816 s
preview_window_span_s: 4.816   content_changes: 7   delivery_rate_fps: 1.45
preview_gap_s: min=0.0934 median=0.1220 max=0.1302
preview_click_to_last_append_s: 0.0385
preview_total_s: 5.052   (stream start -> click)
preview_frame_offsets_s (index:seconds_before_click): 0:4.854 1:4.757 2:4.641 3:4.548 4:4.448 5:4.326 6:4.233 7:4.113 8:3.999 9:3.871 10:3.743 11:3.648 12:3.531 13:3.418 14:3.293 15:3.167 16:3.070 17:2.952 18:2.849 19:2.737 20:2.619 21:2.507 22:2.386 23:2.262 24:2.136 25:2.011 26:1.892 27:1.799 28:1.671 29:1.544 30:1.418 31:1.288 32:1.174 33:1.052 34:0.929 35:0.801 36:0.675 37:0.548 38:0.421 39:0.295 40:0.169 41:0.039
preview_frames_dumped: 22   indices: 0,1,2,3,4,5,6,7,8,9,11,31,32,33,34,35,36,37,38,39,40,41
preview_extra_dumped: 2   indices: 11,31   (unsampled digests still uncovered: 0)

--- phase: stock   ae_window_s=0.25   camera_revision=ov5647 ---
ae_before_lock: exposure_speed=32978 shutter_speed=0 analog_gain=1.1875 digital_gain=3.625 iso=0 awb_gains=(1.35546875, 1.4453125) exposure_mode=auto
frame 00: bytes=1228800 mode=RGB size=640x640 gap=0.000 capture_s=0.613
frame 01: bytes=1228800 mode=RGB size=640x640 gap=0.613 capture_s=0.632
frame 02: bytes=1228800 mode=RGB size=640x640 gap=0.632 capture_s=0.636
frame 03: bytes=1228800 mode=RGB size=640x640 gap=0.636 capture_s=0.630
frame 04: bytes=1228800 mode=RGB size=640x640 gap=0.630 capture_s=0.637
frame 05: bytes=1228800 mode=RGB size=640x640 gap=0.637 capture_s=0.640
frame 06: bytes=1228800 mode=RGB size=640x640 gap=0.640 capture_s=0.623
frame 07: bytes=1228800 mode=RGB size=640x640 gap=0.623 capture_s=0.633
frame 08: bytes=1228800 mode=RGB size=640x640 gap=0.633 capture_s=0.637
frame 09: bytes=1228800 mode=RGB size=640x640 gap=0.637 capture_s=0.633
ae_after_burst: exposure_speed=32909 shutter_speed=32909 analog_gain=3.5625 digital_gain=3.625 iso=0 awb_gains=(1.35546875, 1.4453125) exposure_mode=off
