timestamp: 19700101-000123
board: Raspberry Pi Zero Rev 1.3
panel: 240x240
requested_resolution: 480x480
unit_id: 6b665e1fa1d5   (sha256 of CPU serial, truncated)
quiet_period_s: 10.0
burst_n: 10
preview_frames_chained: 48
microsd_free_bytes: 176836608   need: 13824000 (10 burst x 691200 + 20 preview x 230400)
preview 00: digest=6f77f852d070d718abceaf639531c5424c1abecf4b2b603c640169f3546be7a1 bytes=230400 mode=RGBA size=240x240
preview 01: digest=6f77f852d070d718abceaf639531c5424c1abecf4b2b603c640169f3546be7a1 bytes=230400 mode=RGBA size=240x240
preview 02: digest=6f77f852d070d718abceaf639531c5424c1abecf4b2b603c640169f3546be7a1 bytes=230400 mode=RGBA size=240x240
preview 03: digest=6f77f852d070d718abceaf639531c5424c1abecf4b2b603c640169f3546be7a1 bytes=230400 mode=RGBA size=240x240
preview 04: digest=6f77f852d070d718abceaf639531c5424c1abecf4b2b603c640169f3546be7a1 bytes=230400 mode=RGBA size=240x240
preview 05: digest=6f77f852d070d718abceaf639531c5424c1abecf4b2b603c640169f3546be7a1 bytes=230400 mode=RGBA size=240x240
preview 06: digest=6f77f852d070d718abceaf639531c5424c1abecf4b2b603c640169f3546be7a1 bytes=230400 mode=RGBA size=240x240
preview 07: digest=6f77f852d070d718abceaf639531c5424c1abecf4b2b603c640169f3546be7a1 bytes=230400 mode=RGBA size=240x240
preview 08: digest=6f77f852d070d718abceaf639531c5424c1abecf4b2b603c640169f3546be7a1 bytes=230400 mode=RGBA size=240x240
preview 09: digest=6f77f852d070d718abceaf639531c5424c1abecf4b2b603c640169f3546be7a1 bytes=230400 mode=RGBA size=240x240
preview 10: digest=6f77f852d070d718abceaf639531c5424c1abecf4b2b603c640169f3546be7a1 bytes=230400 mode=RGBA size=240x240
preview 11: digest=6f77f852d070d718abceaf639531c5424c1abecf4b2b603c640169f3546be7a1 bytes=230400 mode=RGBA size=240x240
preview 12: digest=6f77f852d070d718abceaf639531c5424c1abecf4b2b603c640169f3546be7a1 bytes=230400 mode=RGBA size=240x240
preview 13: digest=6f77f852d070d718abceaf639531c5424c1abecf4b2b603c640169f3546be7a1 bytes=230400 mode=RGBA size=240x240
preview 14: digest=6f77f852d070d718abceaf639531c5424c1abecf4b2b603c640169f3546be7a1 bytes=230400 mode=RGBA size=240x240
preview 15: digest=6f77f852d070d718abceaf639531c5424c1abecf4b2b603c640169f3546be7a1 bytes=230400 mode=RGBA size=240x240
preview 16: digest=c104a9c18fd825fd0a8353d697757956527fa8828a3a76fce22e3b4be7782bf5 bytes=230400 mode=RGBA size=240x240
preview 17: digest=6f77f852d070d718abceaf639531c5424c1abecf4b2b603c640169f3546be7a1 bytes=230400 mode=RGBA size=240x240
preview 18: digest=6f77f852d070d718abceaf639531c5424c1abecf4b2b603c640169f3546be7a1 bytes=230400 mode=RGBA size=240x240
preview 19: digest=68f6a8a07e6911f88c8e7eea6e8872deacacafe58625aeabc99c06cf79af6a7f bytes=230400 mode=RGBA size=240x240
preview 20: digest=6f77f852d070d718abceaf639531c5424c1abecf4b2b603c640169f3546be7a1 bytes=230400 mode=RGBA size=240x240
preview 21: digest=6f77f852d070d718abceaf639531c5424c1abecf4b2b603c640169f3546be7a1 bytes=230400 mode=RGBA size=240x240
preview 22: digest=6f77f852d070d718abceaf639531c5424c1abecf4b2b603c640169f3546be7a1 bytes=230400 mode=RGBA size=240x240
preview 23: digest=6f77f852d070d718abceaf639531c5424c1abecf4b2b603c640169f3546be7a1 bytes=230400 mode=RGBA size=240x240
preview 24: digest=6f77f852d070d718abceaf639531c5424c1abecf4b2b603c640169f3546be7a1 bytes=230400 mode=RGBA size=240x240
preview 25: digest=6f77f852d070d718abceaf639531c5424c1abecf4b2b603c640169f3546be7a1 bytes=230400 mode=RGBA size=240x240
preview 26: digest=6f77f852d070d718abceaf639531c5424c1abecf4b2b603c640169f3546be7a1 bytes=230400 mode=RGBA size=240x240
preview 27: digest=6f77f852d070d718abceaf639531c5424c1abecf4b2b603c640169f3546be7a1 bytes=230400 mode=RGBA size=240x240
preview 28: digest=6f77f852d070d718abceaf639531c5424c1abecf4b2b603c640169f3546be7a1 bytes=230400 mode=RGBA size=240x240
preview 29: digest=6f77f852d070d718abceaf639531c5424c1abecf4b2b603c640169f3546be7a1 bytes=230400 mode=RGBA size=240x240
preview 30: digest=6f77f852d070d718abceaf639531c5424c1abecf4b2b603c640169f3546be7a1 bytes=230400 mode=RGBA size=240x240
preview 31: digest=6f77f852d070d718abceaf639531c5424c1abecf4b2b603c640169f3546be7a1 bytes=230400 mode=RGBA size=240x240
preview 32: digest=6f77f852d070d718abceaf639531c5424c1abecf4b2b603c640169f3546be7a1 bytes=230400 mode=RGBA size=240x240
preview 33: digest=6f77f852d070d718abceaf639531c5424c1abecf4b2b603c640169f3546be7a1 bytes=230400 mode=RGBA size=240x240
preview 34: digest=6f77f852d070d718abceaf639531c5424c1abecf4b2b603c640169f3546be7a1 bytes=230400 mode=RGBA size=240x240
preview 35: digest=6f77f852d070d718abceaf639531c5424c1abecf4b2b603c640169f3546be7a1 bytes=230400 mode=RGBA size=240x240
preview 36: digest=6f77f852d070d718abceaf639531c5424c1abecf4b2b603c640169f3546be7a1 bytes=230400 mode=RGBA size=240x240
preview 37: digest=6f77f852d070d718abceaf639531c5424c1abecf4b2b603c640169f3546be7a1 bytes=230400 mode=RGBA size=240x240
preview 38: digest=6f77f852d070d718abceaf639531c5424c1abecf4b2b603c640169f3546be7a1 bytes=230400 mode=RGBA size=240x240
preview 39: digest=6f77f852d070d718abceaf639531c5424c1abecf4b2b603c640169f3546be7a1 bytes=230400 mode=RGBA size=240x240
preview 40: digest=6f77f852d070d718abceaf639531c5424c1abecf4b2b603c640169f3546be7a1 bytes=230400 mode=RGBA size=240x240
preview 41: digest=6f77f852d070d718abceaf639531c5424c1abecf4b2b603c640169f3546be7a1 bytes=230400 mode=RGBA size=240x240
preview 42: digest=6f77f852d070d718abceaf639531c5424c1abecf4b2b603c640169f3546be7a1 bytes=230400 mode=RGBA size=240x240
preview 43: digest=6f77f852d070d718abceaf639531c5424c1abecf4b2b603c640169f3546be7a1 bytes=230400 mode=RGBA size=240x240
preview 44: digest=6f77f852d070d718abceaf639531c5424c1abecf4b2b603c640169f3546be7a1 bytes=230400 mode=RGBA size=240x240
preview 45: digest=6f77f852d070d718abceaf639531c5424c1abecf4b2b603c640169f3546be7a1 bytes=230400 mode=RGBA size=240x240
preview 46: digest=6f77f852d070d718abceaf639531c5424c1abecf4b2b603c640169f3546be7a1 bytes=230400 mode=RGBA size=240x240
preview 47: digest=6f77f852d070d718abceaf639531c5424c1abecf4b2b603c640169f3546be7a1 bytes=230400 mode=RGBA size=240x240
preview_distinct_frames: 3 of 48

preview_none_reads: 8   (camera warm-up polls, no frame)
preview_warmup_s: 0.209   (stream start -> first append)
preview_appends_total: 48   (whole session; window keeps the last 48)
preview_loop_rate_fps: 11.27   over 4.171 s
preview_window_span_s: 4.171   content_changes: 4   delivery_rate_fps: 0.96
preview_gap_s: min=0.0744 median=0.0902 max=0.1027
preview_click_to_last_append_s: 0.0137
preview_total_s: 4.394   (stream start -> click)
preview_frame_offsets_s (index:seconds_before_click): 0:4.185 1:4.091 2:4.014 3:3.916 4:3.819 5:3.725 6:3.635 7:3.557 8:3.472 9:3.377 10:3.302 11:3.209 12:3.112 13:3.019 14:2.929 15:2.829 16:2.735 17:2.654 18:2.560 19:2.477 20:2.384 21:2.308 22:2.211 23:2.119 24:2.016 25:1.929 26:1.851 27:1.765 28:1.668 29:1.571 30:1.478 31:1.388 32:1.309 33:1.224 34:1.126 35:1.029 36:0.933 37:0.847 38:0.768 39:0.683 40:0.588 41:0.513 42:0.428 43:0.346 44:0.268 45:0.183 46:0.088 47:0.014
preview_frames_dumped: 22   indices: 0,1,2,3,4,5,6,7,8,9,16,19,38,39,40,41,42,43,44,45,46,47
preview_extra_dumped: 2   indices: 16,19   (unsampled digests still uncovered: 0)

--- phase: stock   ae_window_s=0.25   camera_revision=ov5647 ---
ae_before_lock: exposure_speed=32978 shutter_speed=0 analog_gain=1.1875 digital_gain=3.625 iso=0 awb_gains=(1.35546875, 1.4453125) exposure_mode=auto
frame 00: bytes=691200 mode=RGB size=480x480 gap=0.000 capture_s=0.612
frame 01: bytes=691200 mode=RGB size=480x480 gap=0.612 capture_s=0.598
frame 02: bytes=691200 mode=RGB size=480x480 gap=0.598 capture_s=0.591
frame 03: bytes=691200 mode=RGB size=480x480 gap=0.591 capture_s=0.584
frame 04: bytes=691200 mode=RGB size=480x480 gap=0.584 capture_s=0.596
frame 05: bytes=691200 mode=RGB size=480x480 gap=0.596 capture_s=0.587
frame 06: bytes=691200 mode=RGB size=480x480 gap=0.587 capture_s=0.591
frame 07: bytes=691200 mode=RGB size=480x480 gap=0.591 capture_s=0.595
frame 08: bytes=691200 mode=RGB size=480x480 gap=0.595 capture_s=0.590
frame 09: bytes=691200 mode=RGB size=480x480 gap=0.590 capture_s=0.591
ae_after_burst: exposure_speed=32909 shutter_speed=32909 analog_gain=3.5625 digital_gain=1.1015625 iso=0 awb_gains=(1.35546875, 1.4453125) exposure_mode=off
