timestamp: 19700101-000236
board: Raspberry Pi Zero Rev 1.3
panel: 240x240
requested_resolution: 480x480
unit_id: 6b665e1fa1d5   (sha256 of CPU serial, truncated)
quiet_period_s: 10.0
burst_n: 10
preview_frames_chained: 50
microsd_free_bytes: 164753408   need: 13824000 (10 burst x 691200 + 20 preview x 230400)
preview 00: digest=6f77f852d070d718abceaf639531c5424c1abecf4b2b603c640169f3546be7a1 bytes=230400 mode=RGBA size=240x240
preview 01: digest=6f77f852d070d718abceaf639531c5424c1abecf4b2b603c640169f3546be7a1 bytes=230400 mode=RGBA size=240x240
preview 02: digest=6f77f852d070d718abceaf639531c5424c1abecf4b2b603c640169f3546be7a1 bytes=230400 mode=RGBA size=240x240
preview 03: digest=6f77f852d070d718abceaf639531c5424c1abecf4b2b603c640169f3546be7a1 bytes=230400 mode=RGBA size=240x240
preview 04: digest=6f77f852d070d718abceaf639531c5424c1abecf4b2b603c640169f3546be7a1 bytes=230400 mode=RGBA size=240x240
preview 05: digest=6f77f852d070d718abceaf639531c5424c1abecf4b2b603c640169f3546be7a1 bytes=230400 mode=RGBA size=240x240
preview 06: digest=6f77f852d070d718abceaf639531c5424c1abecf4b2b603c640169f3546be7a1 bytes=230400 mode=RGBA size=240x240
preview 07: digest=6f77f852d070d718abceaf639531c5424c1abecf4b2b603c640169f3546be7a1 bytes=230400 mode=RGBA size=240x240
preview 08: digest=6f77f852d070d718abceaf639531c5424c1abecf4b2b603c640169f3546be7a1 bytes=230400 mode=RGBA size=240x240
preview 09: digest=6f77f852d070d718abceaf639531c5424c1abecf4b2b603c640169f3546be7a1 bytes=230400 mode=RGBA size=240x240
preview 10: digest=6f77f852d070d718abceaf639531c5424c1abecf4b2b603c640169f3546be7a1 bytes=230400 mode=RGBA size=240x240
preview 11: digest=6f77f852d070d718abceaf639531c5424c1abecf4b2b603c640169f3546be7a1 bytes=230400 mode=RGBA size=240x240
preview 12: digest=6f77f852d070d718abceaf639531c5424c1abecf4b2b603c640169f3546be7a1 bytes=230400 mode=RGBA size=240x240
preview 13: digest=6f77f852d070d718abceaf639531c5424c1abecf4b2b603c640169f3546be7a1 bytes=230400 mode=RGBA size=240x240
preview 14: digest=6f77f852d070d718abceaf639531c5424c1abecf4b2b603c640169f3546be7a1 bytes=230400 mode=RGBA size=240x240
preview 15: digest=6f77f852d070d718abceaf639531c5424c1abecf4b2b603c640169f3546be7a1 bytes=230400 mode=RGBA size=240x240
preview 16: digest=6f77f852d070d718abceaf639531c5424c1abecf4b2b603c640169f3546be7a1 bytes=230400 mode=RGBA size=240x240
preview 17: digest=6f77f852d070d718abceaf639531c5424c1abecf4b2b603c640169f3546be7a1 bytes=230400 mode=RGBA size=240x240
preview 18: digest=6f77f852d070d718abceaf639531c5424c1abecf4b2b603c640169f3546be7a1 bytes=230400 mode=RGBA size=240x240
preview 19: digest=6f77f852d070d718abceaf639531c5424c1abecf4b2b603c640169f3546be7a1 bytes=230400 mode=RGBA size=240x240
preview 20: digest=6f77f852d070d718abceaf639531c5424c1abecf4b2b603c640169f3546be7a1 bytes=230400 mode=RGBA size=240x240
preview 21: digest=6f77f852d070d718abceaf639531c5424c1abecf4b2b603c640169f3546be7a1 bytes=230400 mode=RGBA size=240x240
preview 22: digest=6f77f852d070d718abceaf639531c5424c1abecf4b2b603c640169f3546be7a1 bytes=230400 mode=RGBA size=240x240
preview 23: digest=6f77f852d070d718abceaf639531c5424c1abecf4b2b603c640169f3546be7a1 bytes=230400 mode=RGBA size=240x240
preview 24: digest=6f77f852d070d718abceaf639531c5424c1abecf4b2b603c640169f3546be7a1 bytes=230400 mode=RGBA size=240x240
preview 25: digest=6f77f852d070d718abceaf639531c5424c1abecf4b2b603c640169f3546be7a1 bytes=230400 mode=RGBA size=240x240
preview 26: digest=6f77f852d070d718abceaf639531c5424c1abecf4b2b603c640169f3546be7a1 bytes=230400 mode=RGBA size=240x240
preview 27: digest=02646506d1cc0d2c094bc52d2b28176d0dc465f444289ee5c729c41dea60692e bytes=230400 mode=RGBA size=240x240
preview 28: digest=6f77f852d070d718abceaf639531c5424c1abecf4b2b603c640169f3546be7a1 bytes=230400 mode=RGBA size=240x240
preview 29: digest=6f77f852d070d718abceaf639531c5424c1abecf4b2b603c640169f3546be7a1 bytes=230400 mode=RGBA size=240x240
preview 30: digest=6f77f852d070d718abceaf639531c5424c1abecf4b2b603c640169f3546be7a1 bytes=230400 mode=RGBA size=240x240
preview 31: digest=6f77f852d070d718abceaf639531c5424c1abecf4b2b603c640169f3546be7a1 bytes=230400 mode=RGBA size=240x240
preview 32: digest=6f77f852d070d718abceaf639531c5424c1abecf4b2b603c640169f3546be7a1 bytes=230400 mode=RGBA size=240x240
preview 33: digest=6f77f852d070d718abceaf639531c5424c1abecf4b2b603c640169f3546be7a1 bytes=230400 mode=RGBA size=240x240
preview 34: digest=6f77f852d070d718abceaf639531c5424c1abecf4b2b603c640169f3546be7a1 bytes=230400 mode=RGBA size=240x240
preview 35: digest=6f77f852d070d718abceaf639531c5424c1abecf4b2b603c640169f3546be7a1 bytes=230400 mode=RGBA size=240x240
preview 36: digest=6f77f852d070d718abceaf639531c5424c1abecf4b2b603c640169f3546be7a1 bytes=230400 mode=RGBA size=240x240
preview 37: digest=6f77f852d070d718abceaf639531c5424c1abecf4b2b603c640169f3546be7a1 bytes=230400 mode=RGBA size=240x240
preview 38: digest=6f77f852d070d718abceaf639531c5424c1abecf4b2b603c640169f3546be7a1 bytes=230400 mode=RGBA size=240x240
preview 39: digest=6f77f852d070d718abceaf639531c5424c1abecf4b2b603c640169f3546be7a1 bytes=230400 mode=RGBA size=240x240
preview 40: digest=6f77f852d070d718abceaf639531c5424c1abecf4b2b603c640169f3546be7a1 bytes=230400 mode=RGBA size=240x240
preview 41: digest=5c5daca902e6d93788920210ff9360e9a540fcdbed2926331af0bc1386461a66 bytes=230400 mode=RGBA size=240x240
preview 42: digest=6f77f852d070d718abceaf639531c5424c1abecf4b2b603c640169f3546be7a1 bytes=230400 mode=RGBA size=240x240
preview 43: digest=6f77f852d070d718abceaf639531c5424c1abecf4b2b603c640169f3546be7a1 bytes=230400 mode=RGBA size=240x240
preview 44: digest=6f77f852d070d718abceaf639531c5424c1abecf4b2b603c640169f3546be7a1 bytes=230400 mode=RGBA size=240x240
preview 45: digest=6f77f852d070d718abceaf639531c5424c1abecf4b2b603c640169f3546be7a1 bytes=230400 mode=RGBA size=240x240
preview 46: digest=6f77f852d070d718abceaf639531c5424c1abecf4b2b603c640169f3546be7a1 bytes=230400 mode=RGBA size=240x240
preview 47: digest=6f77f852d070d718abceaf639531c5424c1abecf4b2b603c640169f3546be7a1 bytes=230400 mode=RGBA size=240x240
preview 48: digest=6f77f852d070d718abceaf639531c5424c1abecf4b2b603c640169f3546be7a1 bytes=230400 mode=RGBA size=240x240
preview 49: digest=6f77f852d070d718abceaf639531c5424c1abecf4b2b603c640169f3546be7a1 bytes=230400 mode=RGBA size=240x240
preview_distinct_frames: 3 of 50

preview_none_reads: 8   (camera warm-up polls, no frame)
preview_warmup_s: 0.209   (stream start -> first append)
preview_appends_total: 62   (whole session; window keeps the last 50)
preview_loop_rate_fps: 11.08   over 5.506 s
preview_window_span_s: 4.372   content_changes: 4   delivery_rate_fps: 0.91
preview_gap_s: min=0.0735 median=0.0918 max=0.1063
preview_click_to_last_append_s: 0.0140
preview_total_s: 5.729   (stream start -> click)
preview_frame_offsets_s (index:seconds_before_click): 0:4.386 1:4.285 2:4.186 3:4.094 4:3.994 5:3.899 6:3.808 7:3.711 8:3.633 9:3.544 10:3.458 11:3.362 12:3.267 13:3.168 14:3.095 15:3.009 16:2.931 17:2.846 18:2.752 19:2.674 20:2.583 21:2.488 22:2.396 23:2.321 24:2.226 25:2.137 26:2.035 27:1.937 28:1.846 29:1.745 30:1.654 31:1.559 32:1.475 33:1.379 34:1.302 35:1.212 36:1.138 37:1.048 38:0.970 39:0.886 40:0.785 41:0.686 42:0.597 43:0.503 44:0.425 45:0.336 46:0.263 47:0.178 48:0.098 49:0.014
preview_frames_dumped: 21   indices: 0,1,2,3,4,5,6,7,8,9,27,40,41,42,43,44,45,46,47,48,49
preview_extra_dumped: 1   indices: 27   (unsampled digests still uncovered: 0)

--- phase: stock   ae_window_s=0.25   camera_revision=ov5647 ---
ae_before_lock: exposure_speed=32978 shutter_speed=0 analog_gain=1.1875 digital_gain=3.625 iso=0 awb_gains=(1.35546875, 1.4453125) exposure_mode=auto
frame 00: bytes=691200 mode=RGB size=480x480 gap=0.000 capture_s=0.572
frame 01: bytes=691200 mode=RGB size=480x480 gap=0.572 capture_s=0.593
frame 02: bytes=691200 mode=RGB size=480x480 gap=0.593 capture_s=0.588
frame 03: bytes=691200 mode=RGB size=480x480 gap=0.588 capture_s=0.593
frame 04: bytes=691200 mode=RGB size=480x480 gap=0.593 capture_s=0.589
frame 05: bytes=691200 mode=RGB size=480x480 gap=0.589 capture_s=0.589
frame 06: bytes=691200 mode=RGB size=480x480 gap=0.589 capture_s=0.591
frame 07: bytes=691200 mode=RGB size=480x480 gap=0.591 capture_s=0.592
frame 08: bytes=691200 mode=RGB size=480x480 gap=0.592 capture_s=0.590
frame 09: bytes=691200 mode=RGB size=480x480 gap=0.590 capture_s=0.591
ae_after_burst: exposure_speed=41359 shutter_speed=41383 analog_gain=3.5625 digital_gain=3.625 iso=0 awb_gains=(1.35546875, 1.4453125) exposure_mode=off
