timestamp: 19700101-001158
board: Raspberry Pi Zero Rev 1.3
panel: 240x240
requested_resolution: 480x480
unit_id: 6b665e1fa1d5   (sha256 of CPU serial, truncated)
quiet_period_s: 10.0
burst_n: 10
preview_frames_chained: 28
microsd_free_bytes: 81801216   need: 13824000 (10 burst x 691200 + 20 preview x 230400)
preview 00: digest=6f77f852d070d718abceaf639531c5424c1abecf4b2b603c640169f3546be7a1 bytes=230400 mode=RGBA size=240x240
preview 01: digest=6f77f852d070d718abceaf639531c5424c1abecf4b2b603c640169f3546be7a1 bytes=230400 mode=RGBA size=240x240
preview 02: digest=6f77f852d070d718abceaf639531c5424c1abecf4b2b603c640169f3546be7a1 bytes=230400 mode=RGBA size=240x240
preview 03: digest=6f77f852d070d718abceaf639531c5424c1abecf4b2b603c640169f3546be7a1 bytes=230400 mode=RGBA size=240x240
preview 04: digest=6f77f852d070d718abceaf639531c5424c1abecf4b2b603c640169f3546be7a1 bytes=230400 mode=RGBA size=240x240
preview 05: digest=c5dba6b5ef65f8484516a0f7d8905f4a14557b532a14180d0ddf5eb131e2bac5 bytes=230400 mode=RGBA size=240x240
preview 06: digest=c5dba6b5ef65f8484516a0f7d8905f4a14557b532a14180d0ddf5eb131e2bac5 bytes=230400 mode=RGBA size=240x240
preview 07: digest=e96a16ac1d92aee84041abb1f20ed4ea395a3818b278ace0752085b20c8ab4fe bytes=230400 mode=RGBA size=240x240
preview 08: digest=d0afd02be18767f1f6ceb39c99e35bfcc3001f3a08674342ac830a83359c244d bytes=230400 mode=RGBA size=240x240
preview 09: digest=3185dbc340b254452576f8e266e604000b8df2de117f0bce647fc110a72dcf02 bytes=230400 mode=RGBA size=240x240
preview 10: digest=3185dbc340b254452576f8e266e604000b8df2de117f0bce647fc110a72dcf02 bytes=230400 mode=RGBA size=240x240
preview 11: digest=650f23b1718499f5d2d760d70b61f0d33837aede9e46321a440fdc32beca3554 bytes=230400 mode=RGBA size=240x240
preview 12: digest=a5b56417147678aff98cb933b1652129aa26f74ad8271b3f4e8a00b0bd46b196 bytes=230400 mode=RGBA size=240x240
preview 13: digest=94f1f19a2422251e4d48f8eb6333773fe89dac078a46d88d2b32b3faabc75344 bytes=230400 mode=RGBA size=240x240
preview 14: digest=94f1f19a2422251e4d48f8eb6333773fe89dac078a46d88d2b32b3faabc75344 bytes=230400 mode=RGBA size=240x240
preview 15: digest=1a68b1907e041c605bdb1b07dd46d4eabb9536391fcc25a3ff244a7e4535f2b0 bytes=230400 mode=RGBA size=240x240
preview 16: digest=1a68b1907e041c605bdb1b07dd46d4eabb9536391fcc25a3ff244a7e4535f2b0 bytes=230400 mode=RGBA size=240x240
preview 17: digest=c3f737d06621e0127ed3ae487124f4ba83ad35c3ef76ee7703274a6b7b127a5c bytes=230400 mode=RGBA size=240x240
preview 18: digest=5155e51399edeb170dc48eaa23e0659f14b3d98020bb69031a64b25a56ca6ada bytes=230400 mode=RGBA size=240x240
preview 19: digest=bcd37df5f7ba89d24866b148cc68a3ffb473e8443763a6512a9494a11d0cedc6 bytes=230400 mode=RGBA size=240x240
preview 20: digest=6298b17226fc73ecc98003a42e9f40d122df668db7438f6acaf6abb0ec0bc2c9 bytes=230400 mode=RGBA size=240x240
preview 21: digest=e13a2e2d435c95867fafc9f0a76016d88e353418e464436ea2f3ef2ac6e1fef9 bytes=230400 mode=RGBA size=240x240
preview 22: digest=c937517e1919d8fef1ed402523bb2baffe74b7ee903ca2944ebf76a62e734a59 bytes=230400 mode=RGBA size=240x240
preview 23: digest=c937517e1919d8fef1ed402523bb2baffe74b7ee903ca2944ebf76a62e734a59 bytes=230400 mode=RGBA size=240x240
preview 24: digest=0a462509d5c67ff4212f5b4b98627fed5651999aa3ccdf534c1c4997de8df6cc bytes=230400 mode=RGBA size=240x240
preview 25: digest=fa41ba82577074ac54804f69c127e3956608a1f1952ea926c2d28251934dd015 bytes=230400 mode=RGBA size=240x240
preview 26: digest=b81bde3bc577b2af14737968b96eb587ca3581b08a423ec6d2ba71af2e13a261 bytes=230400 mode=RGBA size=240x240
preview 27: digest=239a0c249982a391aa84eaa1bccad781a8731b01b92e3c5f79f52b50b754bc8f bytes=230400 mode=RGBA size=240x240
preview_distinct_frames: 19 of 28

preview_none_reads: 8   (camera warm-up polls, no frame)
preview_warmup_s: 0.209   (stream start -> first append)
preview_appends_total: 28   (whole session; window keeps the last 28)
preview_loop_rate_fps: 11.75   over 2.298 s
preview_window_span_s: 2.298   content_changes: 18   delivery_rate_fps: 7.83
preview_gap_s: min=0.0697 median=0.0846 max=0.1048
preview_click_to_last_append_s: 0.0127
preview_total_s: 2.519   (stream start -> click)
preview_frame_offsets_s (index:seconds_before_click): 0:2.310 1:2.220 2:2.125 3:2.047 4:1.957 5:1.882 6:1.798 7:1.693 8:1.603 9:1.534 10:1.440 11:1.343 12:1.248 13:1.173 14:1.084 15:1.009 16:0.925 17:0.847 18:0.762 19:0.668 20:0.591 21:0.501 22:0.428 23:0.343 24:0.266 25:0.183 26:0.090 27:0.013
preview_frames_dumped: 25   indices: 0,1,2,3,4,5,6,7,8,9,11,12,13,15,17,18,19,20,21,22,23,24,25,26,27
preview_extra_dumped: 5   indices: 11,12,13,15,17   (unsampled digests still uncovered: 0)

--- phase: stock   ae_window_s=0.25   camera_revision=ov5647 ---
ae_before_lock: exposure_speed=32978 shutter_speed=0 analog_gain=1.1875 digital_gain=3.625 iso=0 awb_gains=(1.35546875, 1.4453125) exposure_mode=auto
frame 00: bytes=691200 mode=RGB size=480x480 gap=0.000 capture_s=0.575
frame 01: bytes=691200 mode=RGB size=480x480 gap=0.575 capture_s=0.587
frame 02: bytes=691200 mode=RGB size=480x480 gap=0.587 capture_s=0.591
frame 03: bytes=691200 mode=RGB size=480x480 gap=0.591 capture_s=0.590
frame 04: bytes=691200 mode=RGB size=480x480 gap=0.590 capture_s=0.597
frame 05: bytes=691200 mode=RGB size=480x480 gap=0.597 capture_s=0.585
frame 06: bytes=691200 mode=RGB size=480x480 gap=0.585 capture_s=0.590
frame 07: bytes=691200 mode=RGB size=480x480 gap=0.590 capture_s=0.596
frame 08: bytes=691200 mode=RGB size=480x480 gap=0.596 capture_s=0.587
frame 09: bytes=691200 mode=RGB size=480x480 gap=0.587 capture_s=0.591
ae_after_burst: exposure_speed=32909 shutter_speed=32909 analog_gain=3.5625 digital_gain=3.625 iso=0 awb_gains=(1.35546875, 1.4453125) exposure_mode=off
