timestamp: 19700101-000111
board: Raspberry Pi Zero W Rev 1.1
panel: 320x240
requested_resolution: 640x640
unit_id: a92ac791f26b   (sha256 of CPU serial, truncated)
quiet_period_s: 10.0
burst_n: 10
preview_frames_chained: 50
microsd_free_bytes: 163713024   need: 24576000 (20 frames x 1228800)

--- phase: stock   ae_window_s=0.25   camera_revision=ov5647 ---
ae_before_lock: exposure_speed=32978 shutter_speed=0 analog_gain=1.1875 digital_gain=3.1328125 iso=0 awb_gains=(1.27734375, 1.5703125) exposure_mode=auto
frame 00: bytes=1228800 mode=RGB size=640x640 gap=0.000 capture_s=0.699
frame 01: bytes=1228800 mode=RGB size=640x640 gap=0.700 capture_s=0.682
frame 02: bytes=1228800 mode=RGB size=640x640 gap=0.682 capture_s=0.675
frame 03: bytes=1228800 mode=RGB size=640x640 gap=0.675 capture_s=0.673
frame 04: bytes=1228800 mode=RGB size=640x640 gap=0.673 capture_s=0.674
frame 05: bytes=1228800 mode=RGB size=640x640 gap=0.674 capture_s=0.675
frame 06: bytes=1228800 mode=RGB size=640x640 gap=0.675 capture_s=0.675
frame 07: bytes=1228800 mode=RGB size=640x640 gap=0.675 capture_s=0.676
frame 08: bytes=1228800 mode=RGB size=640x640 gap=0.676 capture_s=0.674
frame 09: bytes=1228800 mode=RGB size=640x640 gap=0.674 capture_s=0.674
ae_after_burst: exposure_speed=32909 shutter_speed=32909 analog_gain=2.6875 digital_gain=1.28125 iso=0 awb_gains=(1.27734375, 1.5703125) exposure_mode=off
