timestamp: 19700101-000412
board: Raspberry Pi Zero Rev 1.3
panel: 240x240
requested_resolution: 480x480
unit_id: 6b665e1fa1d5   (sha256 of CPU serial, truncated)
quiet_period_s: 10.0
burst_n: 10
preview_frames_chained: 50
microsd_free_bytes: 152903680   need: 13824000 (10 burst x 691200 + 20 preview x 230400)
preview 00: digest=6f77f852d070d718abceaf639531c5424c1abecf4b2b603c640169f3546be7a1 bytes=230400 mode=RGBA size=240x240
preview 01: digest=6f77f852d070d718abceaf639531c5424c1abecf4b2b603c640169f3546be7a1 bytes=230400 mode=RGBA size=240x240
preview 02: digest=6f77f852d070d718abceaf639531c5424c1abecf4b2b603c640169f3546be7a1 bytes=230400 mode=RGBA size=240x240
preview 03: digest=6f77f852d070d718abceaf639531c5424c1abecf4b2b603c640169f3546be7a1 bytes=230400 mode=RGBA size=240x240
preview 04: digest=6f77f852d070d718abceaf639531c5424c1abecf4b2b603c640169f3546be7a1 bytes=230400 mode=RGBA size=240x240
preview 05: digest=6f77f852d070d718abceaf639531c5424c1abecf4b2b603c640169f3546be7a1 bytes=230400 mode=RGBA size=240x240
preview 06: digest=6f77f852d070d718abceaf639531c5424c1abecf4b2b603c640169f3546be7a1 bytes=230400 mode=RGBA size=240x240
preview 07: digest=6f77f852d070d718abceaf639531c5424c1abecf4b2b603c640169f3546be7a1 bytes=230400 mode=RGBA size=240x240
preview 08: digest=6f77f852d070d718abceaf639531c5424c1abecf4b2b603c640169f3546be7a1 bytes=230400 mode=RGBA size=240x240
preview 09: digest=6f77f852d070d718abceaf639531c5424c1abecf4b2b603c640169f3546be7a1 bytes=230400 mode=RGBA size=240x240
preview 10: digest=6f77f852d070d718abceaf639531c5424c1abecf4b2b603c640169f3546be7a1 bytes=230400 mode=RGBA size=240x240
preview 11: digest=6f77f852d070d718abceaf639531c5424c1abecf4b2b603c640169f3546be7a1 bytes=230400 mode=RGBA size=240x240
preview 12: digest=6f77f852d070d718abceaf639531c5424c1abecf4b2b603c640169f3546be7a1 bytes=230400 mode=RGBA size=240x240
preview 13: digest=6f77f852d070d718abceaf639531c5424c1abecf4b2b603c640169f3546be7a1 bytes=230400 mode=RGBA size=240x240
preview 14: digest=6f77f852d070d718abceaf639531c5424c1abecf4b2b603c640169f3546be7a1 bytes=230400 mode=RGBA size=240x240
preview 15: digest=6f77f852d070d718abceaf639531c5424c1abecf4b2b603c640169f3546be7a1 bytes=230400 mode=RGBA size=240x240
preview 16: digest=6f77f852d070d718abceaf639531c5424c1abecf4b2b603c640169f3546be7a1 bytes=230400 mode=RGBA size=240x240
preview 17: digest=6f77f852d070d718abceaf639531c5424c1abecf4b2b603c640169f3546be7a1 bytes=230400 mode=RGBA size=240x240
preview 18: digest=6f77f852d070d718abceaf639531c5424c1abecf4b2b603c640169f3546be7a1 bytes=230400 mode=RGBA size=240x240
preview 19: digest=6f77f852d070d718abceaf639531c5424c1abecf4b2b603c640169f3546be7a1 bytes=230400 mode=RGBA size=240x240
preview 20: digest=6f77f852d070d718abceaf639531c5424c1abecf4b2b603c640169f3546be7a1 bytes=230400 mode=RGBA size=240x240
preview 21: digest=6f77f852d070d718abceaf639531c5424c1abecf4b2b603c640169f3546be7a1 bytes=230400 mode=RGBA size=240x240
preview 22: digest=6f77f852d070d718abceaf639531c5424c1abecf4b2b603c640169f3546be7a1 bytes=230400 mode=RGBA size=240x240
preview 23: digest=6f77f852d070d718abceaf639531c5424c1abecf4b2b603c640169f3546be7a1 bytes=230400 mode=RGBA size=240x240
preview 24: digest=6f77f852d070d718abceaf639531c5424c1abecf4b2b603c640169f3546be7a1 bytes=230400 mode=RGBA size=240x240
preview 25: digest=6f77f852d070d718abceaf639531c5424c1abecf4b2b603c640169f3546be7a1 bytes=230400 mode=RGBA size=240x240
preview 26: digest=6f77f852d070d718abceaf639531c5424c1abecf4b2b603c640169f3546be7a1 bytes=230400 mode=RGBA size=240x240
preview 27: digest=bd310624bc1efadc55008c130f504a98c92f6770de6ea16629c30d052993f570 bytes=230400 mode=RGBA size=240x240
preview 28: digest=6f77f852d070d718abceaf639531c5424c1abecf4b2b603c640169f3546be7a1 bytes=230400 mode=RGBA size=240x240
preview 29: digest=6f77f852d070d718abceaf639531c5424c1abecf4b2b603c640169f3546be7a1 bytes=230400 mode=RGBA size=240x240
preview 30: digest=6f77f852d070d718abceaf639531c5424c1abecf4b2b603c640169f3546be7a1 bytes=230400 mode=RGBA size=240x240
preview 31: digest=6f77f852d070d718abceaf639531c5424c1abecf4b2b603c640169f3546be7a1 bytes=230400 mode=RGBA size=240x240
preview 32: digest=6f77f852d070d718abceaf639531c5424c1abecf4b2b603c640169f3546be7a1 bytes=230400 mode=RGBA size=240x240
preview 33: digest=6f77f852d070d718abceaf639531c5424c1abecf4b2b603c640169f3546be7a1 bytes=230400 mode=RGBA size=240x240
preview 34: digest=6f77f852d070d718abceaf639531c5424c1abecf4b2b603c640169f3546be7a1 bytes=230400 mode=RGBA size=240x240
preview 35: digest=6f77f852d070d718abceaf639531c5424c1abecf4b2b603c640169f3546be7a1 bytes=230400 mode=RGBA size=240x240
preview 36: digest=6f77f852d070d718abceaf639531c5424c1abecf4b2b603c640169f3546be7a1 bytes=230400 mode=RGBA size=240x240
preview 37: digest=8efe36ee0f7877d0814622f470660e0275641ecf51b228aba8d65617d7b6d463 bytes=230400 mode=RGBA size=240x240
preview 38: digest=6f77f852d070d718abceaf639531c5424c1abecf4b2b603c640169f3546be7a1 bytes=230400 mode=RGBA size=240x240
preview 39: digest=6f77f852d070d718abceaf639531c5424c1abecf4b2b603c640169f3546be7a1 bytes=230400 mode=RGBA size=240x240
preview 40: digest=6f77f852d070d718abceaf639531c5424c1abecf4b2b603c640169f3546be7a1 bytes=230400 mode=RGBA size=240x240
preview 41: digest=6f77f852d070d718abceaf639531c5424c1abecf4b2b603c640169f3546be7a1 bytes=230400 mode=RGBA size=240x240
preview 42: digest=6f77f852d070d718abceaf639531c5424c1abecf4b2b603c640169f3546be7a1 bytes=230400 mode=RGBA size=240x240
preview 43: digest=6f77f852d070d718abceaf639531c5424c1abecf4b2b603c640169f3546be7a1 bytes=230400 mode=RGBA size=240x240
preview 44: digest=6f77f852d070d718abceaf639531c5424c1abecf4b2b603c640169f3546be7a1 bytes=230400 mode=RGBA size=240x240
preview 45: digest=6f77f852d070d718abceaf639531c5424c1abecf4b2b603c640169f3546be7a1 bytes=230400 mode=RGBA size=240x240
preview 46: digest=6f77f852d070d718abceaf639531c5424c1abecf4b2b603c640169f3546be7a1 bytes=230400 mode=RGBA size=240x240
preview 47: digest=6f77f852d070d718abceaf639531c5424c1abecf4b2b603c640169f3546be7a1 bytes=230400 mode=RGBA size=240x240
preview 48: digest=6f77f852d070d718abceaf639531c5424c1abecf4b2b603c640169f3546be7a1 bytes=230400 mode=RGBA size=240x240
preview 49: digest=6f77f852d070d718abceaf639531c5424c1abecf4b2b603c640169f3546be7a1 bytes=230400 mode=RGBA size=240x240
preview_distinct_frames: 3 of 50

preview_none_reads: 8   (camera warm-up polls, no frame)
preview_warmup_s: 0.205   (stream start -> first append)
preview_appends_total: 62   (whole session; window keeps the last 50)
preview_loop_rate_fps: 11.16   over 5.465 s
preview_window_span_s: 4.403   content_changes: 4   delivery_rate_fps: 0.91
preview_gap_s: min=0.0756 median=0.0909 max=0.1018
preview_click_to_last_append_s: 0.0123
preview_total_s: 5.683   (stream start -> click)
preview_frame_offsets_s (index:seconds_before_click): 0:4.416 1:4.323 2:4.232 3:4.136 4:4.048 5:3.951 6:3.855 7:3.761 8:3.676 9:3.579 10:3.484 11:3.395 12:3.313 13:3.219 14:3.129 15:3.052 16:2.968 17:2.871 18:2.779 19:2.688 20:2.597 21:2.511 22:2.422 23:2.345 24:2.262 25:2.170 26:2.092 27:2.007 28:1.911 29:1.814 30:1.721 31:1.636 32:1.537 33:1.446 34:1.347 35:1.262 36:1.161 37:1.067 38:0.972 39:0.882 40:0.805 41:0.719 42:0.630 43:0.553 44:0.471 45:0.371 46:0.273 47:0.185 48:0.104 49:0.012
preview_frames_dumped: 22   indices: 0,1,2,3,4,5,6,7,8,9,27,37,40,41,42,43,44,45,46,47,48,49
preview_extra_dumped: 2   indices: 27,37   (unsampled digests still uncovered: 0)

--- phase: stock   ae_window_s=0.25   camera_revision=ov5647 ---
ae_before_lock: exposure_speed=32978 shutter_speed=0 analog_gain=1.1875 digital_gain=3.625 iso=0 awb_gains=(1.35546875, 1.4453125) exposure_mode=auto
frame 00: bytes=691200 mode=RGB size=480x480 gap=0.000 capture_s=0.575
frame 01: bytes=691200 mode=RGB size=480x480 gap=0.575 capture_s=0.589
frame 02: bytes=691200 mode=RGB size=480x480 gap=0.589 capture_s=0.592
frame 03: bytes=691200 mode=RGB size=480x480 gap=0.592 capture_s=0.591
frame 04: bytes=691200 mode=RGB size=480x480 gap=0.591 capture_s=0.590
frame 05: bytes=691200 mode=RGB size=480x480 gap=0.590 capture_s=0.590
frame 06: bytes=691200 mode=RGB size=480x480 gap=0.590 capture_s=0.591
frame 07: bytes=691200 mode=RGB size=480x480 gap=0.591 capture_s=0.592
frame 08: bytes=691200 mode=RGB size=480x480 gap=0.592 capture_s=0.591
frame 09: bytes=691200 mode=RGB size=480x480 gap=0.591 capture_s=0.589
ae_after_burst: exposure_speed=41359 shutter_speed=41383 analog_gain=3.5625 digital_gain=3.625 iso=0 awb_gains=(1.35546875, 1.4453125) exposure_mode=off
